2026-09-18 15:21:20.765: [INFO] CurrentProfilePath: P:\Qspider\Spring_Project\.metadata\.plugins\org.eclipse.swt\EBWebView\Default
2026-09-18 15:21:20.766: [INFO] Profiles total count: 1
2026-09-18 15:21:20.766: [INFO] Profile: name=Profile 1 path=P:\Qspider\Spring_Project\.metadata\.plugins\org.eclipse.swt\EBWebView\Default lastActive=null
2026-09-18 15:21:20.766: [INFO] LastUsedProfileDir: P:\Qspider\Spring_Project\.metadata\.plugins\org.eclipse.swt\EBWebView\Default
2026-09-18 15:21:20.766: [INFO] OnDoneLoading sync enabled: 0
2026-09-18 15:21:20.766: [INFO] BookmarkModelLoaded, ids_reassigned: 0
2026-09-18 15:21:20.766: [INFO] BookmarksLoadDropped droppedNodes=0
2026-09-18 15:21:20.766: [INFO] BookmarksSnapshot Startup total=0 bar=0 other=0 mobile=0 showBar=0 showBarNTP=1
2026-09-18 15:21:26.414: [INFO] BookmarksSnapshot Shutdown total=0 bar=0 other=0 mobile=0 showBar=0 showBarNTP=1
2026-09-18 15:43:17.830: [INFO] CurrentProfilePath: P:\Qspider\Spring_Project\.metadata\.plugins\org.eclipse.swt\EBWebView\Default
2026-09-18 15:43:17.830: [INFO] Profiles total count: 1
2026-09-18 15:43:17.830: [INFO] Profile: name=Profile 1 path=P:\Qspider\Spring_Project\.metadata\.plugins\org.eclipse.swt\EBWebView\Default lastActive=2026-09-18T15:21:21.639Z
2026-09-18 15:43:17.830: [INFO] LastUsedProfileDir: P:\Qspider\Spring_Project\.metadata\.plugins\org.eclipse.swt\EBWebView\Default
2026-09-18 15:43:17.830: [INFO] MostRecentlyActiveProfile: name=Profile 1 path=P:\Qspider\Spring_Project\.metadata\.plugins\org.eclipse.swt\EBWebView\Default lastActive=2026-09-18T15:21:21.639Z
2026-09-18 15:43:17.830: [INFO] OnDoneLoading sync enabled: 0
2026-09-18 15:43:17.830: [INFO] BookmarkModelLoaded, ids_reassigned: 0
2026-09-18 15:43:17.830: [INFO] BookmarksLoadDropped droppedNodes=0
2026-09-18 15:43:17.830: [INFO] BookmarksSnapshot Startup total=0 bar=0 other=0 mobile=0 showBar=0 showBarNTP=1
2026-09-18 15:43:21.511: [INFO] BookmarksSnapshot Shutdown total=0 bar=0 other=0 mobile=0 showBar=0 showBarNTP=1
2026-09-18 15:43:23.562: [INFO] CurrentProfilePath: P:\Qspider\Spring_Project\.metadata\.plugins\org.eclipse.swt\EBWebView\Default
2026-09-18 15:43:23.562: [INFO] Profiles total count: 1
2026-09-18 15:43:23.562: [INFO] Profile: name=Profile 1 path=P:\Qspider\Spring_Project\.metadata\.plugins\org.eclipse.swt\EBWebView\Default lastActive=2026-09-18T15:21:21.639Z
2026-09-18 15:43:23.562: [INFO] LastUsedProfileDir: P:\Qspider\Spring_Project\.metadata\.plugins\org.eclipse.swt\EBWebView\Default
2026-09-18 15:43:23.563: [INFO] MostRecentlyActiveProfile: name=Profile 1 path=P:\Qspider\Spring_Project\.metadata\.plugins\org.eclipse.swt\EBWebView\Default lastActive=2026-09-18T15:21:21.639Z
2026-09-18 15:43:23.563: [INFO] OnDoneLoading sync enabled: 0
2026-09-18 15:43:23.563: [INFO] BookmarkModelLoaded, ids_reassigned: 0
2026-09-18 15:43:23.563: [INFO] BookmarksLoadDropped droppedNodes=0
2026-09-18 15:43:23.563: [INFO] BookmarksSnapshot Startup total=0 bar=0 other=0 mobile=0 showBar=0 showBarNTP=1
2026-09-18 15:43:30.186: [INFO] BookmarksSnapshot Shutdown total=0 bar=0 other=0 mobile=0 showBar=0 showBarNTP=1
2026-09-18 15:44:25.024: [INFO] CurrentProfilePath: P:\Qspider\Spring_Project\.metadata\.plugins\org.eclipse.swt\EBWebView\Default
2026-09-18 15:44:25.024: [INFO] Profiles total count: 1
2026-09-18 15:44:25.025: [INFO] Profile: name=Profile 1 path=P:\Qspider\Spring_Project\.metadata\.plugins\org.eclipse.swt\EBWebView\Default lastActive=2026-09-18T15:21:21.639Z
2026-09-18 15:44:25.025: [INFO] LastUsedProfileDir: P:\Qspider\Spring_Project\.metadata\.plugins\org.eclipse.swt\EBWebView\Default
2026-09-18 15:44:25.025: [INFO] MostRecentlyActiveProfile: name=Profile 1 path=P:\Qspider\Spring_Project\.metadata\.plugins\org.eclipse.swt\EBWebView\Default lastActive=2026-09-18T15:21:21.639Z
2026-09-18 15:44:25.025: [INFO] OnDoneLoading sync enabled: 0
2026-09-18 15:44:25.025: [INFO] BookmarkModelLoaded, ids_reassigned: 0
2026-09-18 15:44:25.025: [INFO] BookmarksLoadDropped droppedNodes=0
2026-09-18 15:44:25.025: [INFO] BookmarksSnapshot Startup total=0 bar=0 other=0 mobile=0 showBar=0 showBarNTP=1
2026-09-18 15:57:55.362: [INFO] BookmarksSnapshot Shutdown total=0 bar=0 other=0 mobile=0 showBar=0 showBarNTP=1
2026-09-18 16:01:19.985: [INFO] CurrentProfilePath: P:\Qspider\Spring_Project\.metadata\.plugins\org.eclipse.swt\EBWebView\Default
2026-09-18 16:01:19.985: [INFO] Profiles total count: 1
2026-09-18 16:01:19.985: [INFO] Profile: name=Profile 1 path=P:\Qspider\Spring_Project\.metadata\.plugins\org.eclipse.swt\EBWebView\Default lastActive=2026-09-18T15:21:21.639Z
2026-09-18 16:01:19.985: [INFO] LastUsedProfileDir: P:\Qspider\Spring_Project\.metadata\.plugins\org.eclipse.swt\EBWebView\Default
2026-09-18 16:01:19.985: [INFO] MostRecentlyActiveProfile: name=Profile 1 path=P:\Qspider\Spring_Project\.metadata\.plugins\org.eclipse.swt\EBWebView\Default lastActive=2026-09-18T15:21:21.639Z
2026-09-18 16:01:19.985: [INFO] OnDoneLoading sync enabled: 0
2026-09-18 16:01:19.985: [INFO] BookmarkModelLoaded, ids_reassigned: 0
2026-09-18 16:01:19.985: [INFO] BookmarksLoadDropped droppedNodes=0
2026-09-18 16:01:19.985: [INFO] BookmarksSnapshot Startup total=0 bar=0 other=0 mobile=0 showBar=0 showBarNTP=1
2026-09-18 16:04:10.022: [INFO] BookmarksSnapshot Shutdown total=0 bar=0 other=0 mobile=0 showBar=0 showBarNTP=1
2026-09-18 16:18:06.666: [INFO] CurrentProfilePath: P:\Qspider\Spring_Project\.metadata\.plugins\org.eclipse.swt\EBWebView\Default
2026-09-18 16:18:06.666: [INFO] Profiles total count: 1
2026-09-18 16:18:06.667: [INFO] Profile: name=Profile 1 path=P:\Qspider\Spring_Project\.metadata\.plugins\org.eclipse.swt\EBWebView\Default lastActive=2026-09-18T15:21:21.639Z
2026-09-18 16:18:06.667: [INFO] LastUsedProfileDir: P:\Qspider\Spring_Project\.metadata\.plugins\org.eclipse.swt\EBWebView\Default
2026-09-18 16:18:06.667: [INFO] MostRecentlyActiveProfile: name=Profile 1 path=P:\Qspider\Spring_Project\.metadata\.plugins\org.eclipse.swt\EBWebView\Default lastActive=2026-09-18T15:21:21.639Z
2026-09-18 16:18:06.667: [INFO] OnDoneLoading sync enabled: 0
2026-09-18 16:18:06.667: [INFO] BookmarkModelLoaded, ids_reassigned: 0
2026-09-18 16:18:06.667: [INFO] BookmarksLoadDropped droppedNodes=0
2026-09-18 16:18:06.667: [INFO] BookmarksSnapshot Startup total=0 bar=0 other=0 mobile=0 showBar=0 showBarNTP=1
2026-09-18 17:38:09.278: [INFO] BookmarksSnapshot Shutdown total=0 bar=0 other=0 mobile=0 showBar=0 showBarNTP=1
